// Jest Snapshot v1, https://goo.gl/fbAQLP

exports[`components/viewHeader/newCardButton return NewCardButton 1`] = `
<div>
  <span
    class="variable variable"
  >
    <div
      class="MuiButtonGroup-root MuiButtonGroup-contained MuiButtonGroup-horizontal MuiButtonGroup-disableElevation MuiButtonGroup-colorPrimary css-1b8iy89-MuiButtonGroup-root"
      role="group"
    >
      <button
        class="MuiButtonBase-root MuiButton-root MuiButton-contained MuiButton-containedPrimary MuiButton-sizeSmall MuiButton-containedSizeSmall MuiButton-colorPrimary MuiButton-disableElevation MuiButtonGroup-grouped MuiButtonGroup-groupedHorizontal MuiButtonGroup-groupedContained MuiButtonGroup-groupedContainedHorizontal MuiButtonGroup-groupedContainedPrimary MuiButton-root MuiButton-contained MuiButton-containedPrimary MuiButton-sizeSmall MuiButton-containedSizeSmall MuiButton-colorPrimary MuiButton-disableElevation MuiButtonGroup-firstButton css-2v0i9c-MuiButtonBase-root-MuiButton-root"
        tabindex="0"
        type="button"
      >
        <div
          class="MuiTypography-root MuiTypography-subtitle1 css-1qweoyf-MuiTypography-root"
        >
          New
        </div>
      </button>
      <button
        class="MuiButtonBase-root MuiButton-root MuiButton-contained MuiButton-containedPrimary MuiButton-sizeSmall MuiButton-containedSizeSmall MuiButton-colorPrimary MuiButton-disableElevation MuiButtonGroup-grouped MuiButtonGroup-groupedHorizontal MuiButtonGroup-groupedContained MuiButtonGroup-groupedContainedHorizontal MuiButtonGroup-groupedContainedPrimary MuiButton-root MuiButton-contained MuiButton-containedPrimary MuiButton-sizeSmall MuiButton-containedSizeSmall MuiButton-colorPrimary MuiButton-disableElevation MuiButtonGroup-lastButton css-17mpc6t-MuiButtonBase-root-MuiButton-root"
        tabindex="0"
        type="button"
      >
        <svg
          aria-hidden="true"
          class="MuiSvgIcon-root MuiSvgIcon-fontSizeSmall css-x1y095-MuiSvgIcon-root"
          data-testid="KeyboardArrowDownIcon"
          focusable="false"
          viewBox="0 0 24 24"
        >
          <path
            d="M7.41 8.59 12 13.17l4.59-4.58L18 10l-6 6-6-6z"
          />
        </svg>
      </button>
    </div>
  </span>
</div>
`;
