// Vitest Snapshot v1, https://vitest.dev/guide/snapshot.html

exports[`components/viewHeader/ViewHeaderSearch > return input after click on search button 1`] = `
<div>
  <span
    class="mocked mocked"
  >
    <span
      aria-label="Search"
      class=""
      data-mui-internal-clone-element="true"
    >
      <button
        class="Button IconButton mui-w119tu"
        style="width: 32px;"
        type="button"
      >
        <svg
          aria-hidden="true"
          class="MuiSvgIcon-root MuiSvgIcon-colorSecondary MuiSvgIcon-fontSizeSmall mui-dak9ua-MuiSvgIcon-root"
          data-testid="SearchIcon"
          focusable="false"
          viewBox="0 0 24 24"
        >
          <path
            d="M15.5 14h-.79l-.28-.27C15.41 12.59 16 11.11 16 9.5 16 5.91 13.09 3 9.5 3S3 5.91 3 9.5 5.91 16 9.5 16c1.61 0 3.09-.59 4.23-1.57l.27.28v.79l5 4.99L20.49 19zm-6 0C7.01 14 5 11.99 5 9.5S7.01 5 9.5 5 14 7.01 14 9.5 11.99 14 9.5 14"
          />
        </svg>
      </button>
    </span>
  </span>
</div>
`;

exports[`components/viewHeader/ViewHeaderSearch > return search menu 1`] = `
<div>
  <span
    class="mocked mocked"
  >
    <span
      aria-label="Search"
      class=""
      data-mui-internal-clone-element="true"
    >
      <button
        class="Button IconButton mui-w119tu"
        style="width: 32px;"
        type="button"
      >
        <svg
          aria-hidden="true"
          class="MuiSvgIcon-root MuiSvgIcon-colorSecondary MuiSvgIcon-fontSizeSmall mui-dak9ua-MuiSvgIcon-root"
          data-testid="SearchIcon"
          focusable="false"
          viewBox="0 0 24 24"
        >
          <path
            d="M15.5 14h-.79l-.28-.27C15.41 12.59 16 11.11 16 9.5 16 5.91 13.09 3 9.5 3S3 5.91 3 9.5 5.91 16 9.5 16c1.61 0 3.09-.59 4.23-1.57l.27.28v.79l5 4.99L20.49 19zm-6 0C7.01 14 5 11.99 5 9.5S7.01 5 9.5 5 14 7.01 14 9.5 11.99 14 9.5 14"
          />
        </svg>
      </button>
    </span>
  </span>
</div>
`;
