// Vitest Snapshot v1, https://vitest.dev/guide/snapshot.html

exports[`src/component/kanban/kanban > return kanban and click on KanbanCalculationMenu 1`] = `
<div>
  <span
    class="mocked mocked"
  >
    <div
      class="Kanban MuiBox-root css-0"
    >
      <div
        class="octo-board-header"
        id="mainBoardHeader"
      >
        <div
          class="octo-board-header-cell KanbanColumnHeader"
          draggable="true"
          style="opacity: 1;"
        >
          <span
            class="Label propColorOrange "
          >
            <input
              class="Editable undefined"
              placeholder="New Select"
              spellcheck="true"
              title="Q1"
              value="Q1"
            />
          </span>
          <div
            class="KanbanCalculation"
          >
            <button
              class="Button size--small"
              title="2"
              type="button"
            >
              <span>
                2
              </span>
            </button>
          </div>
          <div
            class="octo-spacer"
          />
          <div
            aria-label="menuwrapper"
            class="MenuWrapper"
            data-testid="menu-wrapper"
            role="button"
          >
            <span
              class=""
              data-mui-internal-clone-element="true"
            >
              <button
                class="Button IconButton css-w119tu"
                type="button"
              >
                <svg
                  aria-hidden="true"
                  class="MuiSvgIcon-root MuiSvgIcon-fontSizeSmall css-x1y095-MuiSvgIcon-root"
                  data-testid="MoreHorizIcon"
                  focusable="false"
                  viewBox="0 0 24 24"
                >
                  <path
                    d="M6 10c-1.1 0-2 .9-2 2s.9 2 2 2 2-.9 2-2-.9-2-2-2m12 0c-1.1 0-2 .9-2 2s.9 2 2 2 2-.9 2-2-.9-2-2-2m-6 0c-1.1 0-2 .9-2 2s.9 2 2 2 2-.9 2-2-.9-2-2-2"
                  />
                </svg>
              </button>
            </span>
          </div>
          <span
            class=""
            data-mui-internal-clone-element="true"
          >
            <button
              class="Button IconButton css-w119tu"
              type="button"
            >
              <svg
                aria-hidden="true"
                class="MuiSvgIcon-root MuiSvgIcon-fontSizeSmall css-x1y095-MuiSvgIcon-root"
                data-testid="AddIcon"
                focusable="false"
                viewBox="0 0 24 24"
              >
                <path
                  d="M19 13h-6v6h-2v-6H5v-2h6V5h2v6h6z"
                />
              </svg>
            </button>
          </span>
        </div>
        <div
          class="octo-board-header-cell KanbanColumnHeader"
          draggable="true"
          style="opacity: 1;"
        >
          <span
            class="Label propColorBlue "
          >
            <input
              class="Editable undefined"
              placeholder="New Select"
              spellcheck="true"
              title="Q2"
              value="Q2"
            />
          </span>
          <div
            class="KanbanCalculation"
          >
            <button
              class="Button size--small"
              title="1"
              type="button"
            >
              <span>
                1
              </span>
            </button>
          </div>
          <div
            class="octo-spacer"
          />
          <div
            aria-label="menuwrapper"
            class="MenuWrapper"
            data-testid="menu-wrapper"
            role="button"
          >
            <span
              class=""
              data-mui-internal-clone-element="true"
            >
              <button
                class="Button IconButton css-w119tu"
                type="button"
              >
                <svg
                  aria-hidden="true"
                  class="MuiSvgIcon-root MuiSvgIcon-fontSizeSmall css-x1y095-MuiSvgIcon-root"
                  data-testid="MoreHorizIcon"
                  focusable="false"
                  viewBox="0 0 24 24"
                >
                  <path
                    d="M6 10c-1.1 0-2 .9-2 2s.9 2 2 2 2-.9 2-2-.9-2-2-2m12 0c-1.1 0-2 .9-2 2s.9 2 2 2 2-.9 2-2-.9-2-2-2m-6 0c-1.1 0-2 .9-2 2s.9 2 2 2 2-.9 2-2-.9-2-2-2"
                  />
                </svg>
              </button>
            </span>
          </div>
          <span
            class=""
            data-mui-internal-clone-element="true"
          >
            <button
              class="Button IconButton css-w119tu"
              type="button"
            >
              <svg
                aria-hidden="true"
                class="MuiSvgIcon-root MuiSvgIcon-fontSizeSmall css-x1y095-MuiSvgIcon-root"
                data-testid="AddIcon"
                focusable="false"
                viewBox="0 0 24 24"
              >
                <path
                  d="M19 13h-6v6h-2v-6H5v-2h6V5h2v6h6z"
                />
              </svg>
            </button>
          </span>
        </div>
        <div
          class="octo-board-header-cell narrow"
        >
          <button
            class="MuiButtonBase-root MuiButton-root MuiButton-text MuiButton-textSecondary MuiButton-sizeSmall MuiButton-textSizeSmall MuiButton-colorSecondary MuiButton-disableElevation MuiButton-root MuiButton-text MuiButton-textSecondary MuiButton-sizeSmall MuiButton-textSizeSmall MuiButton-colorSecondary MuiButton-disableElevation css-1e2vri7-MuiButtonBase-root-MuiButton-root"
            tabindex="0"
            type="button"
          >
            + Add a group
          </button>
        </div>
        <div
          class="octo-board-header-cell narrow"
        >
          Hidden columns
        </div>
      </div>
      <div
        class="MuiBox-root css-0"
      >
        <div
          class="octo-board-body"
          id="mainBoardBody"
        >
          <div
            class="octo-board-column"
          >
            <a
              class="MuiTypography-root MuiTypography-inherit MuiLink-root MuiLink-underlineNone css-1ovaks8-MuiTypography-root-MuiLink-root"
              data-test-resolved="false"
              draggable="false"
              href="/id1"
            >
              <div
                class="KanbanCard MuiBox-root css-1ck4zfx"
                data-test="kanban-card-id1"
                draggable="true"
                style="opacity: 1;"
              >
                <div
                  data-testid="page-actions-context-menu"
                >
                  <button
                    class="MuiButtonBase-root MuiIconButton-root MuiIconButton-colorInherit MuiIconButton-sizeSmall icons css-16j9mlo-MuiButtonBase-root-MuiIconButton-root"
                    tabindex="0"
                    type="button"
                  >
                    <svg
                      aria-hidden="true"
                      class="MuiSvgIcon-root MuiSvgIcon-colorSecondary MuiSvgIcon-fontSizeSmall css-dak9ua-MuiSvgIcon-root"
                      data-testid="MoreHorizIcon"
                      focusable="false"
                      viewBox="0 0 24 24"
                    >
                      <path
                        d="M6 10c-1.1 0-2 .9-2 2s.9 2 2 2 2-.9 2-2-.9-2-2-2m12 0c-1.1 0-2 .9-2 2s.9 2 2 2 2-.9 2-2-.9-2-2-2m-6 0c-1.1 0-2 .9-2 2s.9 2 2 2 2-.9 2-2-.9-2-2-2"
                      />
                    </svg>
                  </button>
                </div>
                <div
                  class="octo-icontitle"
                >
                  <div />
                  <div
                    class="octo-titletext"
                  >
                    title
                  </div>
                </div>
                <div
                  class="MuiStack-root css-1qh2y1i-MuiStack-root"
                />
              </div>
            </a>
            <a
              class="MuiTypography-root MuiTypography-inherit MuiLink-root MuiLink-underlineNone css-1ovaks8-MuiTypography-root-MuiLink-root"
              data-test-resolved="false"
              draggable="false"
              href="/id2"
            >
              <div
                class="KanbanCard MuiBox-root css-1ck4zfx"
                data-test="kanban-card-id2"
                draggable="true"
                style="opacity: 1;"
              >
                <div
                  data-testid="page-actions-context-menu"
                >
                  <button
                    class="MuiButtonBase-root MuiIconButton-root MuiIconButton-colorInherit MuiIconButton-sizeSmall icons css-16j9mlo-MuiButtonBase-root-MuiIconButton-root"
                    tabindex="0"
                    type="button"
                  >
                    <svg
                      aria-hidden="true"
                      class="MuiSvgIcon-root MuiSvgIcon-colorSecondary MuiSvgIcon-fontSizeSmall css-dak9ua-MuiSvgIcon-root"
                      data-testid="MoreHorizIcon"
                      focusable="false"
                      viewBox="0 0 24 24"
                    >
                      <path
                        d="M6 10c-1.1 0-2 .9-2 2s.9 2 2 2 2-.9 2-2-.9-2-2-2m12 0c-1.1 0-2 .9-2 2s.9 2 2 2 2-.9 2-2-.9-2-2-2m-6 0c-1.1 0-2 .9-2 2s.9 2 2 2 2-.9 2-2-.9-2-2-2"
                      />
                    </svg>
                  </button>
                </div>
                <div
                  class="octo-icontitle"
                >
                  <div />
                  <div
                    class="octo-titletext"
                  >
                    title
                  </div>
                </div>
                <div
                  class="MuiStack-root css-1qh2y1i-MuiStack-root"
                />
              </div>
            </a>
            <button
              class="MuiButtonBase-root MuiButton-root MuiButton-text MuiButton-textSecondary MuiButton-sizeSmall MuiButton-textSizeSmall MuiButton-colorSecondary MuiButton-disableElevation MuiButton-root MuiButton-text MuiButton-textSecondary MuiButton-sizeSmall MuiButton-textSizeSmall MuiButton-colorSecondary MuiButton-disableElevation css-10iebat-MuiButtonBase-root-MuiButton-root"
              tabindex="0"
              type="button"
            >
              <span
                class="MuiButton-icon MuiButton-startIcon MuiButton-iconSizeSmall css-6rkz1o-MuiButton-startIcon"
              >
                <svg
                  aria-hidden="true"
                  class="MuiSvgIcon-root MuiSvgIcon-fontSizeSmall css-x1y095-MuiSvgIcon-root"
                  data-testid="AddIcon"
                  focusable="false"
                  viewBox="0 0 24 24"
                >
                  <path
                    d="M19 13h-6v6h-2v-6H5v-2h6V5h2v6h6z"
                  />
                </svg>
              </span>
              <p
                class="MuiTypography-root MuiTypography-body1 css-14h3jui-MuiTypography-root"
              >
                New
              </p>
            </button>
          </div>
          <div
            class="octo-board-column"
          >
            <a
              class="MuiTypography-root MuiTypography-inherit MuiLink-root MuiLink-underlineNone css-1ovaks8-MuiTypography-root-MuiLink-root"
              data-test-resolved="false"
              draggable="false"
              href="/id3"
            >
              <div
                class="KanbanCard MuiBox-root css-1ck4zfx"
                data-test="kanban-card-id3"
                draggable="true"
                style="opacity: 1;"
              >
                <div
                  data-testid="page-actions-context-menu"
                >
                  <button
                    class="MuiButtonBase-root MuiIconButton-root MuiIconButton-colorInherit MuiIconButton-sizeSmall icons css-16j9mlo-MuiButtonBase-root-MuiIconButton-root"
                    tabindex="0"
                    type="button"
                  >
                    <svg
                      aria-hidden="true"
                      class="MuiSvgIcon-root MuiSvgIcon-colorSecondary MuiSvgIcon-fontSizeSmall css-dak9ua-MuiSvgIcon-root"
                      data-testid="MoreHorizIcon"
                      focusable="false"
                      viewBox="0 0 24 24"
                    >
                      <path
                        d="M6 10c-1.1 0-2 .9-2 2s.9 2 2 2 2-.9 2-2-.9-2-2-2m12 0c-1.1 0-2 .9-2 2s.9 2 2 2 2-.9 2-2-.9-2-2-2m-6 0c-1.1 0-2 .9-2 2s.9 2 2 2 2-.9 2-2-.9-2-2-2"
                      />
                    </svg>
                  </button>
                </div>
                <div
                  class="octo-icontitle"
                >
                  <div />
                  <div
                    class="octo-titletext"
                  >
                    title
                  </div>
                </div>
                <div
                  class="MuiStack-root css-1qh2y1i-MuiStack-root"
                />
              </div>
            </a>
            <button
              class="MuiButtonBase-root MuiButton-root MuiButton-text MuiButton-textSecondary MuiButton-sizeSmall MuiButton-textSizeSmall MuiButton-colorSecondary MuiButton-disableElevation MuiButton-root MuiButton-text MuiButton-textSecondary MuiButton-sizeSmall MuiButton-textSizeSmall MuiButton-colorSecondary MuiButton-disableElevation css-10iebat-MuiButtonBase-root-MuiButton-root"
              tabindex="0"
              type="button"
            >
              <span
                class="MuiButton-icon MuiButton-startIcon MuiButton-iconSizeSmall css-6rkz1o-MuiButton-startIcon"
              >
                <svg
                  aria-hidden="true"
                  class="MuiSvgIcon-root MuiSvgIcon-fontSizeSmall css-x1y095-MuiSvgIcon-root"
                  data-testid="AddIcon"
                  focusable="false"
                  viewBox="0 0 24 24"
                >
                  <path
                    d="M19 13h-6v6h-2v-6H5v-2h6V5h2v6h6z"
                  />
                </svg>
              </span>
              <p
                class="MuiTypography-root MuiTypography-body1 css-14h3jui-MuiTypography-root"
              >
                New
              </p>
            </button>
          </div>
          <div
            class="octo-board-header-cell narrow"
          />
          <div
            class="octo-board-column narrow"
          >
            <div
              class="octo-board-hidden-item"
            >
              <div
                aria-label="menuwrapper"
                class="MenuWrapper"
                data-testid="menu-wrapper"
                role="button"
              >
                <span
                  class="Label propColorDefault "
                >
                  Q3
                </span>
              </div>
              <button
                class="Button size--small"
                type="button"
              >
                <span>
                  0
                </span>
              </button>
            </div>
          </div>
        </div>
      </div>
    </div>
  </span>
</div>
`;

exports[`src/component/kanban/kanban > should match snapshot 1`] = `
<div>
  <span
    class="mocked mocked"
  >
    <div
      class="Kanban MuiBox-root css-0"
    >
      <div
        class="octo-board-header"
        id="mainBoardHeader"
      >
        <div
          class="octo-board-header-cell KanbanColumnHeader"
          draggable="true"
          style="opacity: 1;"
        >
          <span
            class="Label propColorOrange "
          >
            <input
              class="Editable undefined"
              placeholder="New Select"
              spellcheck="true"
              title="Q1"
              value="Q1"
            />
          </span>
          <div
            class="KanbanCalculation"
          >
            <button
              class="Button size--small"
              title="2"
              type="button"
            >
              <span>
                2
              </span>
            </button>
          </div>
          <div
            class="octo-spacer"
          />
          <div
            aria-label="menuwrapper"
            class="MenuWrapper"
            data-testid="menu-wrapper"
            role="button"
          >
            <span
              class=""
              data-mui-internal-clone-element="true"
            >
              <button
                class="Button IconButton css-w119tu"
                type="button"
              >
                <svg
                  aria-hidden="true"
                  class="MuiSvgIcon-root MuiSvgIcon-fontSizeSmall css-x1y095-MuiSvgIcon-root"
                  data-testid="MoreHorizIcon"
                  focusable="false"
                  viewBox="0 0 24 24"
                >
                  <path
                    d="M6 10c-1.1 0-2 .9-2 2s.9 2 2 2 2-.9 2-2-.9-2-2-2m12 0c-1.1 0-2 .9-2 2s.9 2 2 2 2-.9 2-2-.9-2-2-2m-6 0c-1.1 0-2 .9-2 2s.9 2 2 2 2-.9 2-2-.9-2-2-2"
                  />
                </svg>
              </button>
            </span>
          </div>
          <span
            class=""
            data-mui-internal-clone-element="true"
          >
            <button
              class="Button IconButton css-w119tu"
              type="button"
            >
              <svg
                aria-hidden="true"
                class="MuiSvgIcon-root MuiSvgIcon-fontSizeSmall css-x1y095-MuiSvgIcon-root"
                data-testid="AddIcon"
                focusable="false"
                viewBox="0 0 24 24"
              >
                <path
                  d="M19 13h-6v6h-2v-6H5v-2h6V5h2v6h6z"
                />
              </svg>
            </button>
          </span>
        </div>
        <div
          class="octo-board-header-cell KanbanColumnHeader"
          draggable="true"
          style="opacity: 1;"
        >
          <span
            class="Label propColorBlue "
          >
            <input
              class="Editable undefined"
              placeholder="New Select"
              spellcheck="true"
              title="Q2"
              value="Q2"
            />
          </span>
          <div
            class="KanbanCalculation"
          >
            <button
              class="Button size--small"
              title="1"
              type="button"
            >
              <span>
                1
              </span>
            </button>
          </div>
          <div
            class="octo-spacer"
          />
          <div
            aria-label="menuwrapper"
            class="MenuWrapper"
            data-testid="menu-wrapper"
            role="button"
          >
            <span
              class=""
              data-mui-internal-clone-element="true"
            >
              <button
                class="Button IconButton css-w119tu"
                type="button"
              >
                <svg
                  aria-hidden="true"
                  class="MuiSvgIcon-root MuiSvgIcon-fontSizeSmall css-x1y095-MuiSvgIcon-root"
                  data-testid="MoreHorizIcon"
                  focusable="false"
                  viewBox="0 0 24 24"
                >
                  <path
                    d="M6 10c-1.1 0-2 .9-2 2s.9 2 2 2 2-.9 2-2-.9-2-2-2m12 0c-1.1 0-2 .9-2 2s.9 2 2 2 2-.9 2-2-.9-2-2-2m-6 0c-1.1 0-2 .9-2 2s.9 2 2 2 2-.9 2-2-.9-2-2-2"
                  />
                </svg>
              </button>
            </span>
          </div>
          <span
            class=""
            data-mui-internal-clone-element="true"
          >
            <button
              class="Button IconButton css-w119tu"
              type="button"
            >
              <svg
                aria-hidden="true"
                class="MuiSvgIcon-root MuiSvgIcon-fontSizeSmall css-x1y095-MuiSvgIcon-root"
                data-testid="AddIcon"
                focusable="false"
                viewBox="0 0 24 24"
              >
                <path
                  d="M19 13h-6v6h-2v-6H5v-2h6V5h2v6h6z"
                />
              </svg>
            </button>
          </span>
        </div>
        <div
          class="octo-board-header-cell narrow"
        >
          <button
            class="MuiButtonBase-root MuiButton-root MuiButton-text MuiButton-textSecondary MuiButton-sizeSmall MuiButton-textSizeSmall MuiButton-colorSecondary MuiButton-disableElevation MuiButton-root MuiButton-text MuiButton-textSecondary MuiButton-sizeSmall MuiButton-textSizeSmall MuiButton-colorSecondary MuiButton-disableElevation css-1e2vri7-MuiButtonBase-root-MuiButton-root"
            tabindex="0"
            type="button"
          >
            + Add a group
          </button>
        </div>
        <div
          class="octo-board-header-cell narrow"
        >
          Hidden columns
        </div>
      </div>
      <div
        class="MuiBox-root css-0"
      >
        <div
          class="octo-board-body"
          id="mainBoardBody"
        >
          <div
            class="octo-board-column"
          >
            <a
              class="MuiTypography-root MuiTypography-inherit MuiLink-root MuiLink-underlineNone css-1ovaks8-MuiTypography-root-MuiLink-root"
              data-test-resolved="false"
              draggable="false"
              href="/id1"
            >
              <div
                class="KanbanCard MuiBox-root css-1ck4zfx"
                data-test="kanban-card-id1"
                draggable="true"
                style="opacity: 1;"
              >
                <div
                  data-testid="page-actions-context-menu"
                >
                  <button
                    class="MuiButtonBase-root MuiIconButton-root MuiIconButton-colorInherit MuiIconButton-sizeSmall icons css-16j9mlo-MuiButtonBase-root-MuiIconButton-root"
                    tabindex="0"
                    type="button"
                  >
                    <svg
                      aria-hidden="true"
                      class="MuiSvgIcon-root MuiSvgIcon-colorSecondary MuiSvgIcon-fontSizeSmall css-dak9ua-MuiSvgIcon-root"
                      data-testid="MoreHorizIcon"
                      focusable="false"
                      viewBox="0 0 24 24"
                    >
                      <path
                        d="M6 10c-1.1 0-2 .9-2 2s.9 2 2 2 2-.9 2-2-.9-2-2-2m12 0c-1.1 0-2 .9-2 2s.9 2 2 2 2-.9 2-2-.9-2-2-2m-6 0c-1.1 0-2 .9-2 2s.9 2 2 2 2-.9 2-2-.9-2-2-2"
                      />
                    </svg>
                  </button>
                </div>
                <div
                  class="octo-icontitle"
                >
                  <div />
                  <div
                    class="octo-titletext"
                  >
                    title
                  </div>
                </div>
                <div
                  class="MuiStack-root css-1qh2y1i-MuiStack-root"
                />
              </div>
            </a>
            <a
              class="MuiTypography-root MuiTypography-inherit MuiLink-root MuiLink-underlineNone css-1ovaks8-MuiTypography-root-MuiLink-root"
              data-test-resolved="false"
              draggable="false"
              href="/id2"
            >
              <div
                class="KanbanCard MuiBox-root css-1ck4zfx"
                data-test="kanban-card-id2"
                draggable="true"
                style="opacity: 1;"
              >
                <div
                  data-testid="page-actions-context-menu"
                >
                  <button
                    class="MuiButtonBase-root MuiIconButton-root MuiIconButton-colorInherit MuiIconButton-sizeSmall icons css-16j9mlo-MuiButtonBase-root-MuiIconButton-root"
                    tabindex="0"
                    type="button"
                  >
                    <svg
                      aria-hidden="true"
                      class="MuiSvgIcon-root MuiSvgIcon-colorSecondary MuiSvgIcon-fontSizeSmall css-dak9ua-MuiSvgIcon-root"
                      data-testid="MoreHorizIcon"
                      focusable="false"
                      viewBox="0 0 24 24"
                    >
                      <path
                        d="M6 10c-1.1 0-2 .9-2 2s.9 2 2 2 2-.9 2-2-.9-2-2-2m12 0c-1.1 0-2 .9-2 2s.9 2 2 2 2-.9 2-2-.9-2-2-2m-6 0c-1.1 0-2 .9-2 2s.9 2 2 2 2-.9 2-2-.9-2-2-2"
                      />
                    </svg>
                  </button>
                </div>
                <div
                  class="octo-icontitle"
                >
                  <div />
                  <div
                    class="octo-titletext"
                  >
                    title
                  </div>
                </div>
                <div
                  class="MuiStack-root css-1qh2y1i-MuiStack-root"
                />
              </div>
            </a>
            <button
              class="MuiButtonBase-root MuiButton-root MuiButton-text MuiButton-textSecondary MuiButton-sizeSmall MuiButton-textSizeSmall MuiButton-colorSecondary MuiButton-disableElevation MuiButton-root MuiButton-text MuiButton-textSecondary MuiButton-sizeSmall MuiButton-textSizeSmall MuiButton-colorSecondary MuiButton-disableElevation css-10iebat-MuiButtonBase-root-MuiButton-root"
              tabindex="0"
              type="button"
            >
              <span
                class="MuiButton-icon MuiButton-startIcon MuiButton-iconSizeSmall css-6rkz1o-MuiButton-startIcon"
              >
                <svg
                  aria-hidden="true"
                  class="MuiSvgIcon-root MuiSvgIcon-fontSizeSmall css-x1y095-MuiSvgIcon-root"
                  data-testid="AddIcon"
                  focusable="false"
                  viewBox="0 0 24 24"
                >
                  <path
                    d="M19 13h-6v6h-2v-6H5v-2h6V5h2v6h6z"
                  />
                </svg>
              </span>
              <p
                class="MuiTypography-root MuiTypography-body1 css-14h3jui-MuiTypography-root"
              >
                New
              </p>
            </button>
          </div>
          <div
            class="octo-board-column"
          >
            <a
              class="MuiTypography-root MuiTypography-inherit MuiLink-root MuiLink-underlineNone css-1ovaks8-MuiTypography-root-MuiLink-root"
              data-test-resolved="false"
              draggable="false"
              href="/id3"
            >
              <div
                class="KanbanCard MuiBox-root css-1ck4zfx"
                data-test="kanban-card-id3"
                draggable="true"
                style="opacity: 1;"
              >
                <div
                  data-testid="page-actions-context-menu"
                >
                  <button
                    class="MuiButtonBase-root MuiIconButton-root MuiIconButton-colorInherit MuiIconButton-sizeSmall icons css-16j9mlo-MuiButtonBase-root-MuiIconButton-root"
                    tabindex="0"
                    type="button"
                  >
                    <svg
                      aria-hidden="true"
                      class="MuiSvgIcon-root MuiSvgIcon-colorSecondary MuiSvgIcon-fontSizeSmall css-dak9ua-MuiSvgIcon-root"
                      data-testid="MoreHorizIcon"
                      focusable="false"
                      viewBox="0 0 24 24"
                    >
                      <path
                        d="M6 10c-1.1 0-2 .9-2 2s.9 2 2 2 2-.9 2-2-.9-2-2-2m12 0c-1.1 0-2 .9-2 2s.9 2 2 2 2-.9 2-2-.9-2-2-2m-6 0c-1.1 0-2 .9-2 2s.9 2 2 2 2-.9 2-2-.9-2-2-2"
                      />
                    </svg>
                  </button>
                </div>
                <div
                  class="octo-icontitle"
                >
                  <div />
                  <div
                    class="octo-titletext"
                  >
                    title
                  </div>
                </div>
                <div
                  class="MuiStack-root css-1qh2y1i-MuiStack-root"
                />
              </div>
            </a>
            <button
              class="MuiButtonBase-root MuiButton-root MuiButton-text MuiButton-textSecondary MuiButton-sizeSmall MuiButton-textSizeSmall MuiButton-colorSecondary MuiButton-disableElevation MuiButton-root MuiButton-text MuiButton-textSecondary MuiButton-sizeSmall MuiButton-textSizeSmall MuiButton-colorSecondary MuiButton-disableElevation css-10iebat-MuiButtonBase-root-MuiButton-root"
              tabindex="0"
              type="button"
            >
              <span
                class="MuiButton-icon MuiButton-startIcon MuiButton-iconSizeSmall css-6rkz1o-MuiButton-startIcon"
              >
                <svg
                  aria-hidden="true"
                  class="MuiSvgIcon-root MuiSvgIcon-fontSizeSmall css-x1y095-MuiSvgIcon-root"
                  data-testid="AddIcon"
                  focusable="false"
                  viewBox="0 0 24 24"
                >
                  <path
                    d="M19 13h-6v6h-2v-6H5v-2h6V5h2v6h6z"
                  />
                </svg>
              </span>
              <p
                class="MuiTypography-root MuiTypography-body1 css-14h3jui-MuiTypography-root"
              >
                New
              </p>
            </button>
          </div>
          <div
            class="octo-board-header-cell narrow"
          />
          <div
            class="octo-board-column narrow"
          >
            <div
              class="octo-board-hidden-item"
            >
              <div
                aria-label="menuwrapper"
                class="MenuWrapper"
                data-testid="menu-wrapper"
                role="button"
              >
                <span
                  class="Label propColorDefault "
                >
                  Q3
                </span>
              </div>
              <button
                class="Button size--small"
                type="button"
              >
                <span>
                  0
                </span>
              </button>
            </div>
          </div>
        </div>
      </div>
    </div>
  </span>
</div>
`;
