// Vitest Snapshot v1, https://vitest.dev/guide/snapshot.html

exports[`components/kanban/calculations/Option > base case 1`] = `
<div>
  <div
    class="KanbanCalculationOptions_CustomOption "
  >
    <div
      class="MuiBox-root css-70qvj9"
    >
      Count Unique Values
       
      <svg
        aria-hidden="true"
        class="MuiSvgIcon-root MuiSvgIcon-fontSizeSmall css-120dh41-MuiSvgIcon-root"
        data-testid="ChevronRightIcon"
        focusable="false"
        viewBox="0 0 24 24"
      >
        <path
          d="M10 6 8.59 7.41 13.17 12l-4.58 4.59L10 18l6-6z"
        />
      </svg>
    </div>
  </div>
</div>
`;

exports[`components/kanban/calculations/Option base case 1`] = `
<div>
  <div
    class="KanbanCalculationOptions_CustomOption "
  >
    <div
      class="MuiBox-root css-70qvj9"
    >
      Count Unique Values
       
      <svg
        aria-hidden="true"
        class="MuiSvgIcon-root MuiSvgIcon-fontSizeSmall css-120dh41-MuiSvgIcon-root"
        data-testid="ChevronRightIcon"
        focusable="false"
        viewBox="0 0 24 24"
      >
        <path
          d="M10 6 8.59 7.41 13.17 12l-4.58 4.59L10 18l6-6z"
        />
      </svg>
    </div>
  </div>
</div>
`;
